C:\Users\jeral\Documents\car_rental_app\src\main\java\com\carrental\api\JsonUtil.java
C:\Users\jeral\Documents\car_rental_app\src\main\java\com\carrental\api\Server.java
C:\Users\jeral\Documents\car_rental_app\src\main\java\com\carrental\api\StaticFileHandler.java
C:\Users\jeral\Documents\car_rental_app\src\main\java\com\carrental\dao\BookingDAO.java
C:\Users\jeral\Documents\car_rental_app\src\main\java\com\carrental\dao\CarTypeDAO.java
C:\Users\jeral\Documents\car_rental_app\src\main\java\com\carrental\dao\DatabaseConnection.java
C:\Users\jeral\Documents\car_rental_app\src\main\java\com\carrental\dao\LocationDAO.java
C:\Users\jeral\Documents\car_rental_app\src\main\java\com\carrental\dao\UserDAO.java
C:\Users\jeral\Documents\car_rental_app\src\main\java\com\carrental\dao\VehicleDAO.java
C:\Users\jeral\Documents\car_rental_app\src\main\java\com\carrental\exception\AuthenticationException.java
C:\Users\jeral\Documents\car_rental_app\src\main\java\com\carrental\exception\BookingException.java
C:\Users\jeral\Documents\car_rental_app\src\main\java\com\carrental\Main.java
C:\Users\jeral\Documents\car_rental_app\src\main\java\com\carrental\model\Admin.java
C:\Users\jeral\Documents\car_rental_app\src\main\java\com\carrental\model\Booking.java
C:\Users\jeral\Documents\car_rental_app\src\main\java\com\carrental\model\CarType.java
C:\Users\jeral\Documents\car_rental_app\src\main\java\com\carrental\model\Customer.java
C:\Users\jeral\Documents\car_rental_app\src\main\java\com\carrental\model\Location.java
C:\Users\jeral\Documents\car_rental_app\src\main\java\com\carrental\model\User.java
C:\Users\jeral\Documents\car_rental_app\src\main\java\com\carrental\model\Vehicle.java
C:\Users\jeral\Documents\car_rental_app\src\main\java\com\carrental\service\AuthService.java
C:\Users\jeral\Documents\car_rental_app\src\main\java\com\carrental\service\BookingService.java
C:\Users\jeral\Documents\car_rental_app\src\main\java\com\carrental\service\VehicleService.java
